Archive member included to satisfy reference by file (symbol)

c:/program files (x86)/atmel/studio/7.0/toolchain/avr8/avr8-gnu-toolchain/bin/../lib/gcc/avr/5.4.0/avr5\libgcc.a(_udivmodsi4.o)
                              lib/fatfs/ff.o (__udivmodsi4)
c:/program files (x86)/atmel/studio/7.0/toolchain/avr8/avr8-gnu-toolchain/bin/../lib/gcc/avr/5.4.0/avr5\libgcc.a(_exit.o)
                              C:/Program Files (x86)/Atmel/Studio/7.0/Packs/atmel/ATmega_DFP/1.0.90/gcc/dev/atmega32u4/avr5/crtatmega32u4.o (exit)
c:/program files (x86)/atmel/studio/7.0/toolchain/avr8/avr8-gnu-toolchain/bin/../lib/gcc/avr/5.4.0/avr5\libgcc.a(_tablejump2.o)
                              lib/fatfs/ff.o (__tablejump2__)
c:/program files (x86)/atmel/studio/7.0/toolchain/avr8/avr8-gnu-toolchain/bin/../lib/gcc/avr/5.4.0/avr5\libgcc.a(_copy_data.o)
                              buffer.o (__do_copy_data)
c:/program files (x86)/atmel/studio/7.0/toolchain/avr8/avr8-gnu-toolchain/bin/../lib/gcc/avr/5.4.0/avr5\libgcc.a(_clear_bss.o)
                              buffer.o (__do_clear_bss)
c:/program files (x86)/atmel/studio/7.0/toolchain/avr8/avr8-gnu-toolchain/bin/../lib/gcc/avr/5.4.0/avr5\libgcc.a(_muluhisi3.o)
                              lib/fatfs/ff.o (__muluhisi3)
c:/program files (x86)/atmel/studio/7.0/toolchain/avr8/avr8-gnu-toolchain/bin/../lib/gcc/avr/5.4.0/avr5\libgcc.a(_umulhisi3.o)
                              c:/program files (x86)/atmel/studio/7.0/toolchain/avr8/avr8-gnu-toolchain/bin/../lib/gcc/avr/5.4.0/avr5\libgcc.a(_muluhisi3.o) (__umulhisi3)
c:/program files (x86)/atmel/studio/7.0/toolchain/avr8/avr8-gnu-toolchain/bin/../lib/gcc/avr/5.4.0/../../../../avr/lib/avr5\libc.a(iob.o)
                              serial.o (__iob)
c:/program files (x86)/atmel/studio/7.0/toolchain/avr8/avr8-gnu-toolchain/bin/../lib/gcc/avr/5.4.0/../../../../avr/lib/avr5\libc.a(printf.o)
                              main.o (printf)
c:/program files (x86)/atmel/studio/7.0/toolchain/avr8/avr8-gnu-toolchain/bin/../lib/gcc/avr/5.4.0/../../../../avr/lib/avr5\libc.a(puts.o)
                              main.o (puts)
c:/program files (x86)/atmel/studio/7.0/toolchain/avr8/avr8-gnu-toolchain/bin/../lib/gcc/avr/5.4.0/../../../../avr/lib/avr5\libc.a(vfprintf_std.o)
                              c:/program files (x86)/atmel/studio/7.0/toolchain/avr8/avr8-gnu-toolchain/bin/../lib/gcc/avr/5.4.0/../../../../avr/lib/avr5\libc.a(printf.o) (vfprintf)
c:/program files (x86)/atmel/studio/7.0/toolchain/avr8/avr8-gnu-toolchain/bin/../lib/gcc/avr/5.4.0/../../../../avr/lib/avr5\libc.a(strnlen_P.o)
                              c:/program files (x86)/atmel/studio/7.0/toolchain/avr8/avr8-gnu-toolchain/bin/../lib/gcc/avr/5.4.0/../../../../avr/lib/avr5\libc.a(vfprintf_std.o) (strnlen_P)
c:/program files (x86)/atmel/studio/7.0/toolchain/avr8/avr8-gnu-toolchain/bin/../lib/gcc/avr/5.4.0/../../../../avr/lib/avr5\libc.a(strnlen.o)
                              c:/program files (x86)/atmel/studio/7.0/toolchain/avr8/avr8-gnu-toolchain/bin/../lib/gcc/avr/5.4.0/../../../../avr/lib/avr5\libc.a(vfprintf_std.o) (strnlen)
c:/program files (x86)/atmel/studio/7.0/toolchain/avr8/avr8-gnu-toolchain/bin/../lib/gcc/avr/5.4.0/../../../../avr/lib/avr5\libc.a(fputc.o)
                              c:/program files (x86)/atmel/studio/7.0/toolchain/avr8/avr8-gnu-toolchain/bin/../lib/gcc/avr/5.4.0/../../../../avr/lib/avr5\libc.a(vfprintf_std.o) (fputc)
c:/program files (x86)/atmel/studio/7.0/toolchain/avr8/avr8-gnu-toolchain/bin/../lib/gcc/avr/5.4.0/../../../../avr/lib/avr5\libc.a(ultoa_invert.o)
                              c:/program files (x86)/atmel/studio/7.0/toolchain/avr8/avr8-gnu-toolchain/bin/../lib/gcc/avr/5.4.0/../../../../avr/lib/avr5\libc.a(vfprintf_std.o) (__ultoa_invert)
c:/program files (x86)/atmel/studio/7.0/toolchain/avr8/avr8-gnu-toolchain/bin/../lib/gcc/avr/5.4.0/avr5\libgcc.a(_prologue.o)
                              c:/program files (x86)/atmel/studio/7.0/toolchain/avr8/avr8-gnu-toolchain/bin/../lib/gcc/avr/5.4.0/../../../../avr/lib/avr5\libc.a(printf.o) (__prologue_saves__)
c:/program files (x86)/atmel/studio/7.0/toolchain/avr8/avr8-gnu-toolchain/bin/../lib/gcc/avr/5.4.0/avr5\libgcc.a(_epilogue.o)
                              c:/program files (x86)/atmel/studio/7.0/toolchain/avr8/avr8-gnu-toolchain/bin/../lib/gcc/avr/5.4.0/../../../../avr/lib/avr5\libc.a(printf.o) (__epilogue_restores__)

Allocating common symbols
Common symbol       size              file

fs                  0x22e             wave.o
callbackPageFull    0x2               buffer.o
file                0x20              wave.o
callbackPageEmpty   0x2               buffer.o
pHead               0x2               buffer.o
samples             0x400             buffer.o
waveHeader          0x2c              wave.o
__iob               0x6               c:/program files (x86)/atmel/studio/7.0/toolchain/avr8/avr8-gnu-toolchain/bin/../lib/gcc/avr/5.4.0/../../../../avr/lib/avr5\libc.a(iob.o)
pTail               0x2               buffer.o

Discarded input sections

 .data          0x00000000        0x0 C:/Program Files (x86)/Atmel/Studio/7.0/Packs/atmel/ATmega_DFP/1.0.90/gcc/dev/atmega32u4/avr5/crtatmega32u4.o
 .bss           0x00000000        0x0 C:/Program Files (x86)/Atmel/Studio/7.0/Packs/atmel/ATmega_DFP/1.0.90/gcc/dev/atmega32u4/avr5/crtatmega32u4.o
 .text          0x00000000        0x0 adc.o
 .data          0x00000000        0x0 adc.o
 .bss           0x00000000        0x0 adc.o
 .text          0x00000000        0x0 buffer.o
 .data          0x00000000        0x0 buffer.o
 .bss           0x00000000        0x0 buffer.o
 .text          0x00000000        0x0 lib/fatfs/ff.o
 .data          0x00000000        0x0 lib/fatfs/ff.o
 .bss           0x00000000        0x0 lib/fatfs/ff.o
 .text.putc_bfd
                0x00000000       0x8a lib/fatfs/ff.o
 .text.f_gets   0x00000000       0xa8 lib/fatfs/ff.o
 .text.f_putc   0x00000000       0x88 lib/fatfs/ff.o
 .text.f_puts   0x00000000       0xac lib/fatfs/ff.o
 .text.f_printf
                0x00000000      0x49a lib/fatfs/ff.o
 .progmem.gcc_sw_table.f_printf
                0x00000000       0x2e lib/fatfs/ff.o
 .text          0x00000000        0x0 lib/fatfs/mmc_avr.o
 .data          0x00000000        0x0 lib/fatfs/mmc_avr.o
 .bss           0x00000000        0x0 lib/fatfs/mmc_avr.o
 .text          0x00000000        0x0 lib/usb_serial/usb_serial.o
 .data          0x00000000        0x0 lib/usb_serial/usb_serial.o
 .bss           0x00000000        0x0 lib/usb_serial/usb_serial.o
 .text.usb_configured
                0x00000000        0x6 lib/usb_serial/usb_serial.o
 .text.usb_serial_flush_input
                0x00000000       0x2c lib/usb_serial/usb_serial.o
 .text.usb_serial_putchar_nowait
                0x00000000       0x42 lib/usb_serial/usb_serial.o
 .text.usb_serial_write
                0x00000000      0x44a lib/usb_serial/usb_serial.o
 .progmem.gcc_sw_table.usb_serial_write
                0x00000000       0x82 lib/usb_serial/usb_serial.o
 .text.usb_serial_flush_output
                0x00000000       0x20 lib/usb_serial/usb_serial.o
 .text.usb_serial_get_baud
                0x00000000       0x12 lib/usb_serial/usb_serial.o
 .text.usb_serial_get_stopbits
                0x00000000        0x6 lib/usb_serial/usb_serial.o
 .text.usb_serial_get_paritytype
                0x00000000        0x6 lib/usb_serial/usb_serial.o
 .text.usb_serial_get_numbits
                0x00000000        0x6 lib/usb_serial/usb_serial.o
 .text.usb_serial_get_control
                0x00000000        0x6 lib/usb_serial/usb_serial.o
 .text.usb_serial_set_control
                0x00000000       0x4e lib/usb_serial/usb_serial.o
 .text          0x00000000        0x0 main.o
 .data          0x00000000        0x0 main.o
 .bss           0x00000000        0x0 main.o
 .text.pll_init
                0x00000000        0x6 main.o
 .text          0x00000000        0x0 serial.o
 .data          0x00000000        0x0 serial.o
 .bss           0x00000000        0x0 serial.o
 .text.serial_ready
                0x00000000        0x6 serial.o
 .text.serial_available
                0x00000000        0x6 serial.o
 .text          0x00000000        0x0 timer.o
 .data          0x00000000        0x0 timer.o
 .bss           0x00000000        0x0 timer.o
 .text          0x00000000        0x0 wave.o
 .data          0x00000000        0x0 wave.o
 .bss           0x00000000        0x0 wave.o
 .text          0x00000000        0x0 c:/program files (x86)/atmel/studio/7.0/toolchain/avr8/avr8-gnu-toolchain/bin/../lib/gcc/avr/5.4.0/avr5\libgcc.a(_udivmodsi4.o)
 .data          0x00000000        0x0 c:/program files (x86)/atmel/studio/7.0/toolchain/avr8/avr8-gnu-toolchain/bin/../lib/gcc/avr/5.4.0/avr5\libgcc.a(_udivmodsi4.o)
 .bss           0x00000000        0x0 c:/program files (x86)/atmel/studio/7.0/toolchain/avr8/avr8-gnu-toolchain/bin/../lib/gcc/avr/5.4.0/avr5\libgcc.a(_udivmodsi4.o)
 .text.libgcc.mul
                0x00000000        0x0 c:/program files (x86)/atmel/studio/7.0/toolchain/avr8/avr8-gnu-toolchain/bin/../lib/gcc/avr/5.4.0/avr5\libgcc.a(_udivmodsi4.o)
 .text.libgcc   0x00000000        0x0 c:/program files (x86)/atmel/studio/7.0/toolchain/avr8/avr8-gnu-toolchain/bin/../lib/gcc/avr/5.4.0/avr5\libgcc.a(_udivmodsi4.o)
 .text.libgcc.prologue
                0x00000000        0x0 c:/program files (x86)/atmel/studio/7.0/toolchain/avr8/avr8-gnu-toolchain/bin/../lib/gcc/avr/5.4.0/avr5\libgcc.a(_udivmodsi4.o)
 .text.libgcc.builtins
                0x00000000        0x0 c:/program files (x86)/atmel/studio/7.0/toolchain/avr8/avr8-gnu-toolchain/bin/../lib/gcc/avr/5.4.0/avr5\libgcc.a(_udivmodsi4.o)
 .text.libgcc.fmul
                0x00000000        0x0 c:/program files (x86)/atmel/studio/7.0/toolchain/avr8/avr8-gnu-toolchain/bin/../lib/gcc/avr/5.4.0/avr5\libgcc.a(_udivmodsi4.o)
 .text.libgcc.fixed
                0x00000000        0x0 c:/program files (x86)/atmel/studio/7.0/toolchain/avr8/avr8-gnu-toolchain/bin/../lib/gcc/avr/5.4.0/avr5\libgcc.a(_udivmodsi4.o)
 .text          0x00000000        0x0 c:/program files (x86)/atmel/studio/7.0/toolchain/avr8/avr8-gnu-toolchain/bin/../lib/gcc/avr/5.4.0/avr5\libgcc.a(_exit.o)
 .data          0x00000000        0x0 c:/program files (x86)/atmel/studio/7.0/toolchain/avr8/avr8-gnu-toolchain/bin/../lib/gcc/avr/5.4.0/avr5\libgcc.a(_exit.o)
 .bss           0x00000000        0x0 c:/program files (x86)/atmel/studio/7.0/toolchain/avr8/avr8-gnu-toolchain/bin/../lib/gcc/avr/5.4.0/avr5\libgcc.a(_exit.o)
 .text.libgcc.mul
                0x00000000        0x0 c:/program files (x86)/atmel/studio/7.0/toolchain/avr8/avr8-gnu-toolchain/bin/../lib/gcc/avr/5.4.0/avr5\libgcc.a(_exit.o)
 .text.libgcc.div
                0x00000000        0x0 c:/program files (x86)/atmel/studio/7.0/toolchain/avr8/avr8-gnu-toolchain/bin/../lib/gcc/avr/5.4.0/avr5\libgcc.a(_exit.o)
 .text.libgcc   0x00000000        0x0 c:/program files (x86)/atmel/studio/7.0/toolchain/avr8/avr8-gnu-toolchain/bin/../lib/gcc/avr/5.4.0/avr5\libgcc.a(_exit.o)
 .text.libgcc.prologue
                0x00000000        0x0 c:/program files (x86)/atmel/studio/7.0/toolchain/avr8/avr8-gnu-toolchain/bin/../lib/gcc/avr/5.4.0/avr5\libgcc.a(_exit.o)
 .text.libgcc.builtins
                0x00000000        0x0 c:/program files (x86)/atmel/studio/7.0/toolchain/avr8/avr8-gnu-toolchain/bin/../lib/gcc/avr/5.4.0/avr5\libgcc.a(_exit.o)
 .text.libgcc.fmul
                0x00000000        0x0 c:/program files (x86)/atmel/studio/7.0/toolchain/avr8/avr8-gnu-toolchain/bin/../lib/gcc/avr/5.4.0/avr5\libgcc.a(_exit.o)
 .text.libgcc.fixed
                0x00000000        0x0 c:/program files (x86)/atmel/studio/7.0/toolchain/avr8/avr8-gnu-toolchain/bin/../lib/gcc/avr/5.4.0/avr5\libgcc.a(_exit.o)
 .text          0x00000000        0x0 c:/program files (x86)/atmel/studio/7.0/toolchain/avr8/avr8-gnu-toolchain/bin/../lib/gcc/avr/5.4.0/avr5\libgcc.a(_tablejump2.o)
 .data          0x00000000        0x0 c:/program files (x86)/atmel/studio/7.0/toolchain/avr8/avr8-gnu-toolchain/bin/../lib/gcc/avr/5.4.0/avr5\libgcc.a(_tablejump2.o)
 .bss           0x00000000        0x0 c:/program files (x86)/atmel/studio/7.0/toolchain/avr8/avr8-gnu-toolchain/bin/../lib/gcc/avr/5.4.0/avr5\libgcc.a(_tablejump2.o)
 .text.libgcc.mul
                0x00000000        0x0 c:/program files (x86)/atmel/studio/7.0/toolchain/avr8/avr8-gnu-toolchain/bin/../lib/gcc/avr/5.4.0/avr5\libgcc.a(_tablejump2.o)
 .text.libgcc.div
                0x00000000        0x0 c:/program files (x86)/atmel/studio/7.0/toolchain/avr8/avr8-gnu-toolchain/bin/../lib/gcc/avr/5.4.0/avr5\libgcc.a(_tablejump2.o)
 .text.libgcc.prologue
                0x00000000        0x0 c:/program files (x86)/atmel/studio/7.0/toolchain/avr8/avr8-gnu-toolchain/bin/../lib/gcc/avr/5.4.0/avr5\libgcc.a(_tablejump2.o)
 .text.libgcc.builtins
                0x00000000        0x0 c:/program files (x86)/atmel/studio/7.0/toolchain/avr8/avr8-gnu-toolchain/bin/../lib/gcc/avr/5.4.0/avr5\libgcc.a(_tablejump2.o)
 .text.libgcc.fmul
                0x00000000        0x0 c:/program files (x86)/atmel/studio/7.0/toolchain/avr8/avr8-gnu-toolchain/bin/../lib/gcc/avr/5.4.0/avr5\libgcc.a(_tablejump2.o)
 .text.libgcc.fixed
                0x00000000        0x0 c:/program files (x86)/atmel/studio/7.0/toolchain/avr8/avr8-gnu-toolchain/bin/../lib/gcc/avr/5.4.0/avr5\libgcc.a(_tablejump2.o)
 .text          0x00000000        0x0 c:/program files (x86)/atmel/studio/7.0/toolchain/avr8/avr8-gnu-toolchain/bin/../lib/gcc/avr/5.4.0/avr5\libgcc.a(_copy_data.o)
 .data          0x00000000        0x0 c:/program files (x86)/atmel/studio/7.0/toolchain/avr8/avr8-gnu-toolchain/bin/../lib/gcc/avr/5.4.0/avr5\libgcc.a(_copy_data.o)
 .bss           0x00000000        0x0 c:/program files (x86)/atmel/studio/7.0/toolchain/avr8/avr8-gnu-toolchain/bin/../lib/gcc/avr/5.4.0/avr5\libgcc.a(_copy_data.o)
 .text.libgcc.mul
                0x00000000        0x0 c:/program files (x86)/atmel/studio/7.0/toolchain/avr8/avr8-gnu-toolchain/bin/../lib/gcc/avr/5.4.0/avr5\libgcc.a(_copy_data.o)
 .text.libgcc.div
                0x00000000        0x0 c:/program files (x86)/atmel/studio/7.0/toolchain/avr8/avr8-gnu-toolchain/bin/../lib/gcc/avr/5.4.0/avr5\libgcc.a(_copy_data.o)
 .text.libgcc   0x00000000        0x0 c:/program files (x86)/atmel/studio/7.0/toolchain/avr8/avr8-gnu-toolchain/bin/../lib/gcc/avr/5.4.0/avr5\libgcc.a(_copy_data.o)
 .text.libgcc.prologue
                0x00000000        0x0 c:/program files (x86)/atmel/studio/7.0/toolchain/avr8/avr8-gnu-toolchain/bin/../lib/gcc/avr/5.4.0/avr5\libgcc.a(_copy_data.o)
 .text.libgcc.builtins
                0x00000000        0x0 c:/program files (x86)/atmel/studio/7.0/toolchain/avr8/avr8-gnu-toolchain/bin/../lib/gcc/avr/5.4.0/avr5\libgcc.a(_copy_data.o)
 .text.libgcc.fmul
                0x00000000        0x0 c:/program files (x86)/atmel/studio/7.0/toolchain/avr8/avr8-gnu-toolchain/bin/../lib/gcc/avr/5.4.0/avr5\libgcc.a(_copy_data.o)
 .text.libgcc.fixed
                0x00000000        0x0 c:/program files (x86)/atmel/studio/7.0/toolchain/avr8/avr8-gnu-toolchain/bin/../lib/gcc/avr/5.4.0/avr5\libgcc.a(_copy_data.o)
 .text          0x00000000        0x0 c:/program files (x86)/atmel/studio/7.0/toolchain/avr8/avr8-gnu-toolchain/bin/../lib/gcc/avr/5.4.0/avr5\libgcc.a(_clear_bss.o)
 .data          0x00000000        0x0 c:/program files (x86)/atmel/studio/7.0/toolchain/avr8/avr8-gnu-toolchain/bin/../lib/gcc/avr/5.4.0/avr5\libgcc.a(_clear_bss.o)
 .bss           0x00000000        0x0 c:/program files (x86)/atmel/studio/7.0/toolchain/avr8/avr8-gnu-toolchain/bin/../lib/gcc/avr/5.4.0/avr5\libgcc.a(_clear_bss.o)
 .text.libgcc.mul
                0x00000000        0x0 c:/program files (x86)/atmel/studio/7.0/toolchain/avr8/avr8-gnu-toolchain/bin/../lib/gcc/avr/5.4.0/avr5\libgcc.a(_clear_bss.o)
 .text.libgcc.div
                0x00000000        0x0 c:/program files (x86)/atmel/studio/7.0/toolchain/avr8/avr8-gnu-toolchain/bin/../lib/gcc/avr/5.4.0/avr5\libgcc.a(_clear_bss.o)
 .text.libgcc   0x00000000        0x0 c:/program files (x86)/atmel/studio/7.0/toolchain/avr8/avr8-gnu-toolchain/bin/../lib/gcc/avr/5.4.0/avr5\libgcc.a(_clear_bss.o)
 .text.libgcc.prologue
                0x00000000        0x0 c:/program files (x86)/atmel/studio/7.0/toolchain/avr8/avr8-gnu-toolchain/bin/../lib/gcc/avr/5.4.0/avr5\libgcc.a(_clear_bss.o)
 .text.libgcc.builtins
                0x00000000        0x0 c:/program files (x86)/atmel/studio/7.0/toolchain/avr8/avr8-gnu-toolchain/bin/../lib/gcc/avr/5.4.0/avr5\libgcc.a(_clear_bss.o)
 .text.libgcc.fmul
                0x00000000        0x0 c:/program files (x86)/atmel/studio/7.0/toolchain/avr8/avr8-gnu-toolchain/bin/../lib/gcc/avr/5.4.0/avr5\libgcc.a(_clear_bss.o)
 .text.libgcc.fixed
                0x00000000        0x0 c:/program files (x86)/atmel/studio/7.0/toolchain/avr8/avr8-gnu-toolchain/bin/../lib/gcc/avr/5.4.0/avr5\libgcc.a(_clear_bss.o)
 .text          0x00000000        0x0 c:/program files (x86)/atmel/studio/7.0/toolchain/avr8/avr8-gnu-toolchain/bin/../lib/gcc/avr/5.4.0/avr5\libgcc.a(_muluhisi3.o)
 .data          0x00000000        0x0 c:/program files (x86)/atmel/studio/7.0/toolchain/avr8/avr8-gnu-toolchain/bin/../lib/gcc/avr/5.4.0/avr5\libgcc.a(_muluhisi3.o)
 .bss           0x00000000        0x0 c:/program files (x86)/atmel/studio/7.0/toolchain/avr8/avr8-gnu-toolchain/bin/../lib/gcc/avr/5.4.0/avr5\libgcc.a(_muluhisi3.o)
 .text.libgcc.div
                0x00000000        0x0 c:/program files (x86)/atmel/studio/7.0/toolchain/avr8/avr8-gnu-toolchain/bin/../lib/gcc/avr/5.4.0/avr5\libgcc.a(_muluhisi3.o)
 .text.libgcc   0x00000000        0x0 c:/program files (x86)/atmel/studio/7.0/toolchain/avr8/avr8-gnu-toolchain/bin/../lib/gcc/avr/5.4.0/avr5\libgcc.a(_muluhisi3.o)
 .text.libgcc.prologue
                0x00000000        0x0 c:/program files (x86)/atmel/studio/7.0/toolchain/avr8/avr8-gnu-toolchain/bin/../lib/gcc/avr/5.4.0/avr5\libgcc.a(_muluhisi3.o)
 .text.libgcc.builtins
                0x00000000        0x0 c:/program files (x86)/atmel/studio/7.0/toolchain/avr8/avr8-gnu-toolchain/bin/../lib/gcc/avr/5.4.0/avr5\libgcc.a(_muluhisi3.o)
 .text.libgcc.fmul
                0x00000000        0x0 c:/program files (x86)/atmel/studio/7.0/toolchain/avr8/avr8-gnu-toolchain/bin/../lib/gcc/avr/5.4.0/avr5\libgcc.a(_muluhisi3.o)
 .text.libgcc.fixed
                0x00000000        0x0 c:/program files (x86)/atmel/studio/7.0/toolchain/avr8/avr8-gnu-toolchain/bin/../lib/gcc/avr/5.4.0/avr5\libgcc.a(_muluhisi3.o)
 .text          0x00000000        0x0 c:/program files (x86)/atmel/studio/7.0/toolchain/avr8/avr8-gnu-toolchain/bin/../lib/gcc/avr/5.4.0/avr5\libgcc.a(_umulhisi3.o)
 .data          0x00000000        0x0 c:/program files (x86)/atmel/studio/7.0/toolchain/avr8/avr8-gnu-toolchain/bin/../lib/gcc/avr/5.4.0/avr5\libgcc.a(_umulhisi3.o)
 .bss           0x00000000        0x0 c:/program files (x86)/atmel/studio/7.0/toolchain/avr8/avr8-gnu-toolchain/bin/../lib/gcc/avr/5.4.0/avr5\libgcc.a(_umulhisi3.o)
 .text.libgcc.div
                0x00000000        0x0 c:/program files (x86)/atmel/studio/7.0/toolchain/avr8/avr8-gnu-toolchain/bin/../lib/gcc/avr/5.4.0/avr5\libgcc.a(_umulhisi3.o)
 .text.libgcc   0x00000000        0x0 c:/program files (x86)/atmel/studio/7.0/toolchain/avr8/avr8-gnu-toolchain/bin/../lib/gcc/avr/5.4.0/avr5\libgcc.a(_umulhisi3.o)
 .text.libgcc.prologue
                0x00000000        0x0 c:/program files (x86)/atmel/studio/7.0/toolchain/avr8/avr8-gnu-toolchain/bin/../lib/gcc/avr/5.4.0/avr5\libgcc.a(_umulhisi3.o)
 .text.libgcc.builtins
                0x00000000        0x0 c:/program files (x86)/atmel/studio/7.0/toolchain/avr8/avr8-gnu-toolchain/bin/../lib/gcc/avr/5.4.0/avr5\libgcc.a(_umulhisi3.o)
 .text.libgcc.fmul
                0x00000000        0x0 c:/program files (x86)/atmel/studio/7.0/toolchain/avr8/avr8-gnu-toolchain/bin/../lib/gcc/avr/5.4.0/avr5\libgcc.a(_umulhisi3.o)
 .text.libgcc.fixed
                0x00000000        0x0 c:/program files (x86)/atmel/studio/7.0/toolchain/avr8/avr8-gnu-toolchain/bin/../lib/gcc/avr/5.4.0/avr5\libgcc.a(_umulhisi3.o)
 .text          0x00000000        0x0 c:/program files (x86)/atmel/studio/7.0/toolchain/avr8/avr8-gnu-toolchain/bin/../lib/gcc/avr/5.4.0/../../../../avr/lib/avr5\libc.a(iob.o)
 .data          0x00000000        0x0 c:/program files (x86)/atmel/studio/7.0/toolchain/avr8/avr8-gnu-toolchain/bin/../lib/gcc/avr/5.4.0/../../../../avr/lib/avr5\libc.a(iob.o)
 .bss           0x00000000        0x0 c:/program files (x86)/atmel/studio/7.0/toolchain/avr8/avr8-gnu-toolchain/bin/../lib/gcc/avr/5.4.0/../../../../avr/lib/avr5\libc.a(iob.o)
 .text          0x00000000        0x0 c:/program files (x86)/atmel/studio/7.0/toolchain/avr8/avr8-gnu-toolchain/bin/../lib/gcc/avr/5.4.0/../../../../avr/lib/avr5\libc.a(printf.o)
 .data          0x00000000        0x0 c:/program files (x86)/atmel/studio/7.0/toolchain/avr8/avr8-gnu-toolchain/bin/../lib/gcc/avr/5.4.0/../../../../avr/lib/avr5\libc.a(printf.o)
 .bss           0x00000000        0x0 c:/program files (x86)/atmel/studio/7.0/toolchain/avr8/avr8-gnu-toolchain/bin/../lib/gcc/avr/5.4.0/../../../../avr/lib/avr5\libc.a(printf.o)
 .text          0x00000000        0x0 c:/program files (x86)/atmel/studio/7.0/toolchain/avr8/avr8-gnu-toolchain/bin/../lib/gcc/avr/5.4.0/../../../../avr/lib/avr5\libc.a(puts.o)
 .data          0x00000000        0x0 c:/program files (x86)/atmel/studio/7.0/toolchain/avr8/avr8-gnu-toolchain/bin/../lib/gcc/avr/5.4.0/../../../../avr/lib/avr5\libc.a(puts.o)
 .bss           0x00000000        0x0 c:/program files (x86)/atmel/studio/7.0/toolchain/avr8/avr8-gnu-toolchain/bin/../lib/gcc/avr/5.4.0/../../../../avr/lib/avr5\libc.a(puts.o)
 .text          0x00000000        0x0 c:/program files (x86)/atmel/studio/7.0/toolchain/avr8/avr8-gnu-toolchain/bin/../lib/gcc/avr/5.4.0/../../../../avr/lib/avr5\libc.a(vfprintf_std.o)
 .data          0x00000000        0x0 c:/program files (x86)/atmel/studio/7.0/toolchain/avr8/avr8-gnu-toolchain/bin/../lib/gcc/avr/5.4.0/../../../../avr/lib/avr5\libc.a(vfprintf_std.o)
 .bss           0x00000000        0x0 c:/program files (x86)/atmel/studio/7.0/toolchain/avr8/avr8-gnu-toolchain/bin/../lib/gcc/avr/5.4.0/../../../../avr/lib/avr5\libc.a(vfprintf_std.o)
 .text          0x00000000        0x0 c:/program files (x86)/atmel/studio/7.0/toolchain/avr8/avr8-gnu-toolchain/bin/../lib/gcc/avr/5.4.0/../../../../avr/lib/avr5\libc.a(strnlen_P.o)
 .data          0x00000000        0x0 c:/program files (x86)/atmel/studio/7.0/toolchain/avr8/avr8-gnu-toolchain/bin/../lib/gcc/avr/5.4.0/../../../../avr/lib/avr5\libc.a(strnlen_P.o)
 .bss           0x00000000        0x0 c:/program files (x86)/atmel/studio/7.0/toolchain/avr8/avr8-gnu-toolchain/bin/../lib/gcc/avr/5.4.0/../../../../avr/lib/avr5\libc.a(strnlen_P.o)
 .text          0x00000000        0x0 c:/program files (x86)/atmel/studio/7.0/toolchain/avr8/avr8-gnu-toolchain/bin/../lib/gcc/avr/5.4.0/../../../../avr/lib/avr5\libc.a(strnlen.o)
 .data          0x00000000        0x0 c:/program files (x86)/atmel/studio/7.0/toolchain/avr8/avr8-gnu-toolchain/bin/../lib/gcc/avr/5.4.0/../../../../avr/lib/avr5\libc.a(strnlen.o)
 .bss           0x00000000        0x0 c:/program files (x86)/atmel/studio/7.0/toolchain/avr8/avr8-gnu-toolchain/bin/../lib/gcc/avr/5.4.0/../../../../avr/lib/avr5\libc.a(strnlen.o)
 .text          0x00000000        0x0 c:/program files (x86)/atmel/studio/7.0/toolchain/avr8/avr8-gnu-toolchain/bin/../lib/gcc/avr/5.4.0/../../../../avr/lib/avr5\libc.a(fputc.o)
 .data          0x00000000        0x0 c:/program files (x86)/atmel/studio/7.0/toolchain/avr8/avr8-gnu-toolchain/bin/../lib/gcc/avr/5.4.0/../../../../avr/lib/avr5\libc.a(fputc.o)
 .bss           0x00000000        0x0 c:/program files (x86)/atmel/studio/7.0/toolchain/avr8/avr8-gnu-toolchain/bin/../lib/gcc/avr/5.4.0/../../../../avr/lib/avr5\libc.a(fputc.o)
 .text          0x00000000        0x0 c:/program files (x86)/atmel/studio/7.0/toolchain/avr8/avr8-gnu-toolchain/bin/../lib/gcc/avr/5.4.0/../../../../avr/lib/avr5\libc.a(ultoa_invert.o)
 .data          0x00000000        0x0 c:/program files (x86)/atmel/studio/7.0/toolchain/avr8/avr8-gnu-toolchain/bin/../lib/gcc/avr/5.4.0/../../../../avr/lib/avr5\libc.a(ultoa_invert.o)
 .bss           0x00000000        0x0 c:/program files (x86)/atmel/studio/7.0/toolchain/avr8/avr8-gnu-toolchain/bin/../lib/gcc/avr/5.4.0/../../../../avr/lib/avr5\libc.a(ultoa_invert.o)
 .text          0x00000000        0x0 c:/program files (x86)/atmel/studio/7.0/toolchain/avr8/avr8-gnu-toolchain/bin/../lib/gcc/avr/5.4.0/avr5\libgcc.a(_prologue.o)
 .data          0x00000000        0x0 c:/program files (x86)/atmel/studio/7.0/toolchain/avr8/avr8-gnu-toolchain/bin/../lib/gcc/avr/5.4.0/avr5\libgcc.a(_prologue.o)
 .bss           0x00000000        0x0 c:/program files (x86)/atmel/studio/7.0/toolchain/avr8/avr8-gnu-toolchain/bin/../lib/gcc/avr/5.4.0/avr5\libgcc.a(_prologue.o)
 .text.libgcc.mul
                0x00000000        0x0 c:/program files (x86)/atmel/studio/7.0/toolchain/avr8/avr8-gnu-toolchain/bin/../lib/gcc/avr/5.4.0/avr5\libgcc.a(_prologue.o)
 .text.libgcc.div
                0x00000000        0x0 c:/program files (x86)/atmel/studio/7.0/toolchain/avr8/avr8-gnu-toolchain/bin/../lib/gcc/avr/5.4.0/avr5\libgcc.a(_prologue.o)
 .text.libgcc   0x00000000        0x0 c:/program files (x86)/atmel/studio/7.0/toolchain/avr8/avr8-gnu-toolchain/bin/../lib/gcc/avr/5.4.0/avr5\libgcc.a(_prologue.o)
 .text.libgcc.builtins
                0x00000000        0x0 c:/program files (x86)/atmel/studio/7.0/toolchain/avr8/avr8-gnu-toolchain/bin/../lib/gcc/avr/5.4.0/avr5\libgcc.a(_prologue.o)
 .text.libgcc.fmul
                0x00000000        0x0 c:/program files (x86)/atmel/studio/7.0/toolchain/avr8/avr8-gnu-toolchain/bin/../lib/gcc/avr/5.4.0/avr5\libgcc.a(_prologue.o)
 .text.libgcc.fixed
                0x00000000        0x0 c:/program files (x86)/atmel/studio/7.0/toolchain/avr8/avr8-gnu-toolchain/bin/../lib/gcc/avr/5.4.0/avr5\libgcc.a(_prologue.o)
 .text          0x00000000        0x0 c:/program files (x86)/atmel/studio/7.0/toolchain/avr8/avr8-gnu-toolchain/bin/../lib/gcc/avr/5.4.0/avr5\libgcc.a(_epilogue.o)
 .data          0x00000000        0x0 c:/program files (x86)/atmel/studio/7.0/toolchain/avr8/avr8-gnu-toolchain/bin/../lib/gcc/avr/5.4.0/avr5\libgcc.a(_epilogue.o)
 .bss           0x00000000        0x0 c:/program files (x86)/atmel/studio/7.0/toolchain/avr8/avr8-gnu-toolchain/bin/../lib/gcc/avr/5.4.0/avr5\libgcc.a(_epilogue.o)
 .text.libgcc.mul
                0x00000000        0x0 c:/program files (x86)/atmel/studio/7.0/toolchain/avr8/avr8-gnu-toolchain/bin/../lib/gcc/avr/5.4.0/avr5\libgcc.a(_epilogue.o)
 .text.libgcc.div
                0x00000000        0x0 c:/program files (x86)/atmel/studio/7.0/toolchain/avr8/avr8-gnu-toolchain/bin/../lib/gcc/avr/5.4.0/avr5\libgcc.a(_epilogue.o)
 .text.libgcc   0x00000000        0x0 c:/program files (x86)/atmel/studio/7.0/toolchain/avr8/avr8-gnu-toolchain/bin/../lib/gcc/avr/5.4.0/avr5\libgcc.a(_epilogue.o)
 .text.libgcc.builtins
                0x00000000        0x0 c:/program files (x86)/atmel/studio/7.0/toolchain/avr8/avr8-gnu-toolchain/bin/../lib/gcc/avr/5.4.0/avr5\libgcc.a(_epilogue.o)
 .text.libgcc.fmul
                0x00000000        0x0 c:/program files (x86)/atmel/studio/7.0/toolchain/avr8/avr8-gnu-toolchain/bin/../lib/gcc/avr/5.4.0/avr5\libgcc.a(_epilogue.o)
 .text.libgcc.fixed
                0x00000000        0x0 c:/program files (x86)/atmel/studio/7.0/toolchain/avr8/avr8-gnu-toolchain/bin/../lib/gcc/avr/5.4.0/avr5\libgcc.a(_epilogue.o)

Memory Configuration

Name             Origin             Length             Attributes
text             0x00000000         0x00020000         xr
data             0x00800060         0x0000ffa0         rw !x
eeprom           0x00810000         0x00010000         rw !x
fuse             0x00820000         0x00000400         rw !x
lock             0x00830000         0x00000400         rw !x
signature        0x00840000         0x00000400         rw !x
user_signatures  0x00850000         0x00000400         rw !x
*default*        0x00000000         0xffffffff

Linker script and memory map

Address of section .data set to 0x800100
LOAD C:/Program Files (x86)/Atmel/Studio/7.0/Packs/atmel/ATmega_DFP/1.0.90/gcc/dev/atmega32u4/avr5/crtatmega32u4.o
LOAD adc.o
LOAD buffer.o
LOAD lib/fatfs/ff.o
LOAD lib/fatfs/mmc_avr.o
LOAD lib/usb_serial/usb_serial.o
LOAD main.o
LOAD serial.o
LOAD timer.o
LOAD wave.o
START GROUP
LOAD c:/program files (x86)/atmel/studio/7.0/toolchain/avr8/avr8-gnu-toolchain/bin/../lib/gcc/avr/5.4.0/../../../../avr/lib/avr5\libm.a
END GROUP
START GROUP
LOAD c:/program files (x86)/atmel/studio/7.0/toolchain/avr8/avr8-gnu-toolchain/bin/../lib/gcc/avr/5.4.0/avr5\libgcc.a
LOAD c:/program files (x86)/atmel/studio/7.0/toolchain/avr8/avr8-gnu-toolchain/bin/../lib/gcc/avr/5.4.0/../../../../avr/lib/avr5\libm.a
LOAD c:/program files (x86)/atmel/studio/7.0/toolchain/avr8/avr8-gnu-toolchain/bin/../lib/gcc/avr/5.4.0/../../../../avr/lib/avr5\libc.a
LOAD C:/Program Files (x86)/Atmel/Studio/7.0/Packs/atmel/ATmega_DFP/1.0.90/gcc/dev/atmega32u4/avr5\libatmega32u4.a
END GROUP
                0x00020000                __TEXT_REGION_LENGTH__ = DEFINED (__TEXT_REGION_LENGTH__)?__TEXT_REGION_LENGTH__:0x20000
                0x0000ffa0                __DATA_REGION_LENGTH__ = DEFINED (__DATA_REGION_LENGTH__)?__DATA_REGION_LENGTH__:0xffa0
                0x00010000                __EEPROM_REGION_LENGTH__ = DEFINED (__EEPROM_REGION_LENGTH__)?__EEPROM_REGION_LENGTH__:0x10000
                0x00000400                __FUSE_REGION_LENGTH__ = DEFINED (__FUSE_REGION_LENGTH__)?__FUSE_REGION_LENGTH__:0x400
                0x00000400                __LOCK_REGION_LENGTH__ = DEFINED (__LOCK_REGION_LENGTH__)?__LOCK_REGION_LENGTH__:0x400
                0x00000400                __SIGNATURE_REGION_LENGTH__ = DEFINED (__SIGNATURE_REGION_LENGTH__)?__SIGNATURE_REGION_LENGTH__:0x400
                0x00000400                __USER_SIGNATURE_REGION_LENGTH__ = DEFINED (__USER_SIGNATURE_REGION_LENGTH__)?__USER_SIGNATURE_REGION_LENGTH__:0x400

.hash
 *(.hash)

.dynsym
 *(.dynsym)

.dynstr
 *(.dynstr)

.gnu.version
 *(.gnu.version)

.gnu.version_d
 *(.gnu.version_d)

.gnu.version_r
 *(.gnu.version_r)

.rel.init
 *(.rel.init)

.rela.init
 *(.rela.init)

.rel.text
 *(.rel.text)
 *(.rel.text.*)
 *(.rel.gnu.linkonce.t*)

.rela.text
 *(.rela.text)
 *(.rela.text.*)
 *(.rela.gnu.linkonce.t*)

.rel.fini
 *(.rel.fini)

.rela.fini
 *(.rela.fini)

.rel.rodata
 *(.rel.rodata)
 *(.rel.rodata.*)
 *(.rel.gnu.linkonce.r*)

.rela.rodata
 *(.rela.rodata)
 *(.rela.rodata.*)
 *(.rela.gnu.linkonce.r*)

.rel.data
 *(.rel.data)
 *(.rel.data.*)
 *(.rel.gnu.linkonce.d*)

.rela.data
 *(.rela.data)
 *(.rela.data.*)
 *(.rela.gnu.linkonce.d*)

.rel.ctors
 *(.rel.ctors)

.rela.ctors
 *(.rela.ctors)

.rel.dtors
 *(.rel.dtors)

.rela.dtors
 *(.rela.dtors)

.rel.got
 *(.rel.got)

.rela.got
 *(.rela.got)

.rel.bss
 *(.rel.bss)

.rela.bss
 *(.rela.bss)

.rel.plt
 *(.rel.plt)

.rela.plt
 *(.rela.plt)

.text           0x00000000     0x4766
 *(.vectors)
 .vectors       0x00000000       0xac C:/Program Files (x86)/Atmel/Studio/7.0/Packs/atmel/ATmega_DFP/1.0.90/gcc/dev/atmega32u4/avr5/crtatmega32u4.o
                0x00000000                __vector_default
                0x00000000                __vectors
 *(.vectors)
 *(.progmem.gcc*)
 .progmem.gcc_sw_table.disk_ioctl
                0x000000ac       0x6e lib/fatfs/mmc_avr.o
                0x0000011a                . = ALIGN (0x2)
                0x0000011a                __trampolines_start = .
 *(.trampolines)
 .trampolines   0x0000011a        0x0 linker stubs
 *(.trampolines*)
                0x0000011a                __trampolines_end = .
 *libprintf_flt.a:*(.progmem.data)
 *libc.a:*(.progmem.data)
 *(.progmem*)
 .progmem.data.descriptor_list
                0x0000011a       0x2a lib/usb_serial/usb_serial.o
 .progmem.data.string3
                0x00000144        0xe lib/usb_serial/usb_serial.o
 .progmem.data.string2
                0x00000152       0x18 lib/usb_serial/usb_serial.o
 .progmem.data.string1
                0x0000016a       0x16 lib/usb_serial/usb_serial.o
 .progmem.data.string0
                0x00000180        0x4 lib/usb_serial/usb_serial.o
 .progmem.data.config1_descriptor
                0x00000184       0x43 lib/usb_serial/usb_serial.o
 .progmem.data.device_descriptor
                0x000001c7       0x12 lib/usb_serial/usb_serial.o
 .progmem.data.endpoint_config_table
                0x000001d9        0xa lib/usb_serial/usb_serial.o
                0x000001e4                . = ALIGN (0x2)
 *fill*         0x000001e3        0x1 
 *(.jumptables)
 *(.jumptables*)
 *(.lowtext)
 *(.lowtext*)
                0x000001e4                __ctors_start = .
 *(.ctors)
                0x000001e4                __ctors_end = .
                0x000001e4                __dtors_start = .
 *(.dtors)
                0x000001e4                __dtors_end = .
 SORT(*)(.ctors)
 SORT(*)(.dtors)
 *(.init0)
 .init0         0x000001e4        0x0 C:/Program Files (x86)/Atmel/Studio/7.0/Packs/atmel/ATmega_DFP/1.0.90/gcc/dev/atmega32u4/avr5/crtatmega32u4.o
                0x000001e4                __init
 *(.init0)
 *(.init1)
 *(.init1)
 *(.init2)
 .init2         0x000001e4        0xc C:/Program Files (x86)/Atmel/Studio/7.0/Packs/atmel/ATmega_DFP/1.0.90/gcc/dev/atmega32u4/avr5/crtatmega32u4.o
 *(.init2)
 *(.init3)
 *(.init3)
 *(.init4)
 .init4         0x000001f0       0x16 c:/program files (x86)/atmel/studio/7.0/toolchain/avr8/avr8-gnu-toolchain/bin/../lib/gcc/avr/5.4.0/avr5\libgcc.a(_copy_data.o)
                0x000001f0                __do_copy_data
 .init4         0x00000206       0x10 c:/program files (x86)/atmel/studio/7.0/toolchain/avr8/avr8-gnu-toolchain/bin/../lib/gcc/avr/5.4.0/avr5\libgcc.a(_clear_bss.o)
                0x00000206                __do_clear_bss
 *(.init4)
 *(.init5)
 *(.init5)
 *(.init6)
 *(.init6)
 *(.init7)
 *(.init7)
 *(.init8)
 *(.init8)
 *(.init9)
 .init9         0x00000216        0x8 C:/Program Files (x86)/Atmel/Studio/7.0/Packs/atmel/ATmega_DFP/1.0.90/gcc/dev/atmega32u4/avr5/crtatmega32u4.o
 *(.init9)
 *(.text)
 .text          0x0000021e        0x4 C:/Program Files (x86)/Atmel/Studio/7.0/Packs/atmel/ATmega_DFP/1.0.90/gcc/dev/atmega32u4/avr5/crtatmega32u4.o
                0x0000021e                __vector_38
                0x0000021e                __vector_22
                0x0000021e                __vector_28
                0x0000021e                __vector_1
                0x0000021e                __vector_32
                0x0000021e                __vector_34
                0x0000021e                __vector_24
                0x0000021e                __vector_12
                0x0000021e                __bad_interrupt
                0x0000021e                __vector_6
                0x0000021e                __vector_31
                0x0000021e                __vector_35
                0x0000021e                __vector_39
                0x0000021e                __vector_3
                0x0000021e                __vector_23
                0x0000021e                __vector_30
                0x0000021e                __vector_25
                0x0000021e                __vector_13
                0x0000021e                __vector_17
                0x0000021e                __vector_19
                0x0000021e                __vector_7
                0x0000021e                __vector_41
                0x0000021e                __vector_27
                0x0000021e                __vector_5
                0x0000021e                __vector_33
                0x0000021e                __vector_37
                0x0000021e                __vector_4
                0x0000021e                __vector_9
                0x0000021e                __vector_2
                0x0000021e                __vector_15
                0x0000021e                __vector_36
                0x0000021e                __vector_40
                0x0000021e                __vector_8
                0x0000021e                __vector_26
                0x0000021e                __vector_14
                0x0000021e                __vector_16
                0x0000021e                __vector_18
                0x0000021e                __vector_42
                0x00000222                . = ALIGN (0x2)
 *(.text.*)
 .text.adc_init
                0x00000222        0xe adc.o
                0x00000222                adc_init
 .text.adc_start
                0x00000230        0x8 adc.o
                0x00000230                adc_start
 .text.adc_stop
                0x00000238        0x6 adc.o
                0x00000238                adc_stop
 .text.__vector_29
                0x0000023e       0x4c adc.o
                0x0000023e                __vector_29
 .text.buffer_init
                0x0000028a       0x2a buffer.o
                0x0000028a                buffer_init
 .text.buffer_reset
                0x000002b4       0x1a buffer.o
                0x000002b4                buffer_reset
 .text.buffer_queue
                0x000002ce       0x64 buffer.o
                0x000002ce                buffer_queue
 .text.buffer_dequeue
                0x00000332       0x60 buffer.o
                0x00000332                buffer_dequeue
 .text.buffer_readPage
                0x00000392       0x3e buffer.o
                0x00000392                buffer_readPage
 .text.buffer_writePage
                0x000003d0       0x3e buffer.o
                0x000003d0                buffer_writePage
 .text.mem_cpy  0x0000040e       0x58 lib/fatfs/ff.o
 .text.get_ldnumber
                0x00000466       0x74 lib/fatfs/ff.o
 .text.sync_window
                0x000004da       0xd6 lib/fatfs/ff.o
 .text.move_window
                0x000005b0       0x7c lib/fatfs/ff.o
 .text.check_fs
                0x0000062c       0x76 lib/fatfs/ff.o
 .text.validate
                0x000006a2       0x4a lib/fatfs/ff.o
 .text.find_volume
                0x000006ec      0x5d8 lib/fatfs/ff.o
 .text.clust2sect
                0x00000cc4       0x50 lib/fatfs/ff.o
                0x00000cc4                clust2sect
 .text.get_fat  0x00000d14      0x1ce lib/fatfs/ff.o
                0x00000d14                get_fat
 .text.dir_sdi  0x00000ee2      0x178 lib/fatfs/ff.o
 .text.put_fat  0x0000105a      0x250 lib/fatfs/ff.o
                0x0000105a                put_fat
 .text.create_chain
                0x000012aa      0x208 lib/fatfs/ff.o
 .text.dir_next
                0x000014b2      0x272 lib/fatfs/ff.o
 .text.f_mount  0x00001724       0xa6 lib/fatfs/ff.o
                0x00001724                f_mount
 .text.f_open   0x000017ca      0x67c lib/fatfs/ff.o
                0x000017ca                f_open
 .text.f_read   0x00001e46      0x278 lib/fatfs/ff.o
                0x00001e46                f_read
 .text.f_write  0x000020be      0x33a lib/fatfs/ff.o
                0x000020be                f_write
 .text.f_sync   0x000023f8      0x150 lib/fatfs/ff.o
                0x000023f8                f_sync
 .text.f_close  0x00002548       0x22 lib/fatfs/ff.o
                0x00002548                f_close
 .text.f_lseek  0x0000256a      0x38e lib/fatfs/ff.o
                0x0000256a                f_lseek
 .text.power_off
                0x000028f8       0x14 lib/fatfs/mmc_avr.o
 .text.xchg_spi
                0x0000290c        0xc lib/fatfs/mmc_avr.o
 .text.deselect
                0x00002918        0xa lib/fatfs/mmc_avr.o
 .text.select   0x00002922       0x30 lib/fatfs/mmc_avr.o
 .text.rcvr_datablock
                0x00002952       0x7a lib/fatfs/mmc_avr.o
 .text.send_cmd
                0x000029cc       0xd2 lib/fatfs/mmc_avr.o
 .text.xmit_datablock
                0x00002a9e       0x84 lib/fatfs/mmc_avr.o
 .text.disk_initialize
                0x00002b22      0x1a6 lib/fatfs/mmc_avr.o
                0x00002b22                disk_initialize
 .text.disk_status
                0x00002cc8        0xe lib/fatfs/mmc_avr.o
                0x00002cc8                disk_status
 .text.disk_read
                0x00002cd6       0xac lib/fatfs/mmc_avr.o
                0x00002cd6                disk_read
 .text.disk_write
                0x00002d82       0xea lib/fatfs/mmc_avr.o
                0x00002d82                disk_write
 .text.disk_ioctl
                0x00002e6c      0x368 lib/fatfs/mmc_avr.o
                0x00002e6c                disk_ioctl
 .text.disk_timerproc
                0x000031d4       0x28 lib/fatfs/mmc_avr.o
                0x000031d4                disk_timerproc
 .text.usb_init
                0x000031fc       0x32 lib/usb_serial/usb_serial.o
                0x000031fc                usb_init
 .text.usb_serial_getchar
                0x0000322e       0x5e lib/usb_serial/usb_serial.o
                0x0000322e                usb_serial_getchar
 .text.usb_serial_available
                0x0000328c       0x34 lib/usb_serial/usb_serial.o
                0x0000328c                usb_serial_available
 .text.usb_serial_putchar
                0x000032c0       0xb6 lib/usb_serial/usb_serial.o
                0x000032c0                usb_serial_putchar
 .text.__vector_10
                0x00003376       0x7c lib/usb_serial/usb_serial.o
                0x00003376                __vector_10
 .text.__vector_11
                0x000033f2      0x30c lib/usb_serial/usb_serial.o
                0x000033f2                __vector_11
 .text.pageEmpty
                0x000036fe       0x2c main.o
                0x000036fe                pageEmpty
 .text.pageFull
                0x0000372a       0x30 main.o
                0x0000372a                pageFull
 .text.clock_init
                0x0000375a        0xc main.o
                0x0000375a                clock_init
 .text.init     0x00003766       0x36 main.o
                0x00003766                init
 .text.dvr_record
                0x0000379c       0x32 main.o
                0x0000379c                dvr_record
 .text.PWM_init
                0x000037ce       0x58 main.o
                0x000037ce                PWM_init
 .text.PWM_stop
                0x00003826       0x1a main.o
                0x00003826                PWM_stop
 .text.__vector_20
                0x00003840       0x6c main.o
                0x00003840                __vector_20
 .text.playback
                0x000038ac       0x3e main.o
                0x000038ac                playback
 .text.main     0x000038ea      0x19a main.o
                0x000038ea                main
 .text.serial_getchar
                0x00003a84        0xe serial.o
 .text.serial_putchar
                0x00003a92        0x6 serial.o
 .text.serial_init
                0x00003a98       0x16 serial.o
                0x00003a98                serial_init
 .text.timer_init
                0x00003aae       0x12 timer.o
                0x00003aae                timer_init
 .text.__vector_21
                0x00003ac0       0xc0 timer.o
                0x00003ac0                __vector_21
 .text.set_char_array
                0x00003b80       0x16 wave.o
                0x00003b80                set_char_array
 .text.initialise_header
                0x00003b96       0xd6 wave.o
                0x00003b96                initialise_header
 .text.write_wave_header
                0x00003c6c       0x7e wave.o
                0x00003c6c                write_wave_header
 .text.read_wave_header
                0x00003cea       0x9e wave.o
                0x00003cea                read_wave_header
 .text.finalise_wave_header
                0x00003d88      0x150 wave.o
                0x00003d88                finalise_wave_header
 .text.wave_init
                0x00003ed8       0x2c wave.o
                0x00003ed8                wave_init
 .text.wave_create
                0x00003f04       0x40 wave.o
                0x00003f04                wave_create
 .text.wave_open
                0x00003f44       0x30 wave.o
                0x00003f44                wave_open
 .text.wave_close
                0x00003f74       0x36 wave.o
                0x00003f74                wave_close
 .text.wave_write
                0x00003faa       0xa2 wave.o
                0x00003faa                wave_write
 .text.wave_read
                0x0000404c       0x76 wave.o
                0x0000404c                wave_read
 .text.libgcc.div
                0x000040c2       0x44 c:/program files (x86)/atmel/studio/7.0/toolchain/avr8/avr8-gnu-toolchain/bin/../lib/gcc/avr/5.4.0/avr5\libgcc.a(_udivmodsi4.o)
                0x000040c2                __udivmodsi4
 .text.libgcc   0x00004106        0xc c:/program files (x86)/atmel/studio/7.0/toolchain/avr8/avr8-gnu-toolchain/bin/../lib/gcc/avr/5.4.0/avr5\libgcc.a(_tablejump2.o)
                0x00004106                __tablejump2__
 .text.libgcc.mul
                0x00004112       0x16 c:/program files (x86)/atmel/studio/7.0/toolchain/avr8/avr8-gnu-toolchain/bin/../lib/gcc/avr/5.4.0/avr5\libgcc.a(_muluhisi3.o)
                0x00004112                __muluhisi3
 .text.libgcc.mul
                0x00004128       0x1e c:/program files (x86)/atmel/studio/7.0/toolchain/avr8/avr8-gnu-toolchain/bin/../lib/gcc/avr/5.4.0/avr5\libgcc.a(_umulhisi3.o)
                0x00004128                __umulhisi3
 .text.avr-libc
                0x00004146       0x2c c:/program files (x86)/atmel/studio/7.0/toolchain/avr8/avr8-gnu-toolchain/bin/../lib/gcc/avr/5.4.0/../../../../avr/lib/avr5\libc.a(printf.o)
                0x00004146                printf
 .text.avr-libc
                0x00004172       0x60 c:/program files (x86)/atmel/studio/7.0/toolchain/avr8/avr8-gnu-toolchain/bin/../lib/gcc/avr/5.4.0/../../../../avr/lib/avr5\libc.a(puts.o)
                0x00004172                puts
 .text.avr-libc
                0x000041d2      0x3c2 c:/program files (x86)/atmel/studio/7.0/toolchain/avr8/avr8-gnu-toolchain/bin/../lib/gcc/avr/5.4.0/../../../../avr/lib/avr5\libc.a(vfprintf_std.o)
                0x000041d2                vfprintf
 .text.avr-libc
                0x00004594       0x16 c:/program files (x86)/atmel/studio/7.0/toolchain/avr8/avr8-gnu-toolchain/bin/../lib/gcc/avr/5.4.0/../../../../avr/lib/avr5\libc.a(strnlen_P.o)
                0x00004594                strnlen_P
 .text.avr-libc
                0x000045aa       0x16 c:/program files (x86)/atmel/studio/7.0/toolchain/avr8/avr8-gnu-toolchain/bin/../lib/gcc/avr/5.4.0/../../../../avr/lib/avr5\libc.a(strnlen.o)
                0x000045aa                strnlen
 .text.avr-libc
                0x000045c0       0x78 c:/program files (x86)/atmel/studio/7.0/toolchain/avr8/avr8-gnu-toolchain/bin/../lib/gcc/avr/5.4.0/../../../../avr/lib/avr5\libc.a(fputc.o)
                0x000045c0                fputc
 .text.avr-libc
                0x00004638       0xbc c:/program files (x86)/atmel/studio/7.0/toolchain/avr8/avr8-gnu-toolchain/bin/../lib/gcc/avr/5.4.0/../../../../avr/lib/avr5\libc.a(ultoa_invert.o)
                0x00004638                __ultoa_invert
 .text.libgcc.prologue
                0x000046f4       0x38 c:/program files (x86)/atmel/studio/7.0/toolchain/avr8/avr8-gnu-toolchain/bin/../lib/gcc/avr/5.4.0/avr5\libgcc.a(_prologue.o)
                0x000046f4                __prologue_saves__
 .text.libgcc.prologue
                0x0000472c       0x36 c:/program files (x86)/atmel/studio/7.0/toolchain/avr8/avr8-gnu-toolchain/bin/../lib/gcc/avr/5.4.0/avr5\libgcc.a(_epilogue.o)
                0x0000472c                __epilogue_restores__
                0x00004762                . = ALIGN (0x2)
 *(.fini9)
 .fini9         0x00004762        0x0 c:/program files (x86)/atmel/studio/7.0/toolchain/avr8/avr8-gnu-toolchain/bin/../lib/gcc/avr/5.4.0/avr5\libgcc.a(_exit.o)
                0x00004762                _exit
                0x00004762                exit
 *(.fini9)
 *(.fini8)
 *(.fini8)
 *(.fini7)
 *(.fini7)
 *(.fini6)
 *(.fini6)
 *(.fini5)
 *(.fini5)
 *(.fini4)
 *(.fini4)
 *(.fini3)
 *(.fini3)
 *(.fini2)
 *(.fini2)
 *(.fini1)
 *(.fini1)
 *(.fini0)
 .fini0         0x00004762        0x4 c:/program files (x86)/atmel/studio/7.0/toolchain/avr8/avr8-gnu-toolchain/bin/../lib/gcc/avr/5.4.0/avr5\libgcc.a(_exit.o)
 *(.fini0)
                0x00004766                _etext = .

.data           0x00800100      0x260 load address 0x00004766
                0x00800100                PROVIDE (__data_start, .)
 *(.data)
 *(.data*)
 .data.pEnd     0x00800100        0x2 buffer.o
                0x00800100                pEnd
 .data.pPage1   0x00800102        0x2 buffer.o
                0x00800102                pPage1
 .data.pPage0   0x00800104        0x2 buffer.o
                0x00800104                pPage0
 .data.Stat     0x00800106        0x1 lib/fatfs/mmc_avr.o
 .data.cdc_line_coding
                0x00800107        0x7 lib/usb_serial/usb_serial.o
 .data.overflow_reset
                0x0080010e        0x1 main.o
                0x0080010e                overflow_reset
 .data.stdinout
                0x0080010f        0xe serial.o
 .data.timer_debounce
                0x0080011d        0x1 timer.o
                0x0080011d                timer_debounce
 .data.timer_led
                0x0080011e        0x2 timer.o
                0x0080011e                timer_led
 .data.timer_fatfs
                0x00800120        0x1 timer.o
                0x00800120                timer_fatfs
 *(.gnu.linkonce.d*)
 *(.rodata)
 *(.rodata*)
 .rodata.str1.1
                0x00800121        0xf lib/fatfs/ff.o
 .rodata.str1.1
                0x00800130       0xb4 main.o
 .rodata.str1.1
                0x008001e4      0x17c wave.o
 *(.gnu.linkonce.r*)
                0x00800360                . = ALIGN (0x2)
                0x00800360                _edata = .
                0x00800360                PROVIDE (__data_end, .)

.bss            0x00800360      0x6a5
                0x00800360                PROVIDE (__bss_start, .)
 *(.bss)
 *(.bss*)
 .bss.Fsid      0x00800360        0x2 lib/fatfs/ff.o
 .bss.FatFs     0x00800362        0x4 lib/fatfs/ff.o
 .bss.CardType  0x00800366        0x1 lib/fatfs/mmc_avr.o
 .bss.Timer2    0x00800367        0x1 lib/fatfs/mmc_avr.o
 .bss.Timer1    0x00800368        0x1 lib/fatfs/mmc_avr.o
 .bss.cdc_line_rtsdtr
                0x00800369        0x1 lib/usb_serial/usb_serial.o
 .bss.transmit_previous_timeout
                0x0080036a        0x1 lib/usb_serial/usb_serial.o
 .bss.transmit_flush_timer
                0x0080036b        0x1 lib/usb_serial/usb_serial.o
 .bss.usb_configuration
                0x0080036c        0x1 lib/usb_serial/usb_serial.o
 .bss.overflow_counter
                0x0080036d        0x1 main.o
                0x0080036d                overflow_counter
 .bss.stop      0x0080036e        0x1 main.o
                0x0080036e                stop
 .bss.newPage   0x0080036f        0x2 main.o
                0x0080036f                newPage
 .bss.pageCount
                0x00800371        0x2 main.o
                0x00800371                pageCount
 .bss.countpage
                0x00800373        0x2 main.o
                0x00800373                countpage
 .bss.reg2      0x00800375        0x1 timer.o
                0x00800375                reg2
 .bss.reg1      0x00800376        0x1 timer.o
                0x00800376                reg1
 .bss.pb_debounced
                0x00800377        0x1 timer.o
                0x00800377                pb_debounced
 .bss.finaliseHeader
                0x00800378        0x1 wave.o
                0x00800378                finaliseHeader
 .bss.sampleCount
                0x00800379        0x4 wave.o
                0x00800379                sampleCount
 *(COMMON)
 COMMON         0x0080037d      0x408 buffer.o
                0x0080037d                callbackPageFull
                0x0080037f                callbackPageEmpty
                0x00800381                pHead
                0x00800383                samples
                0x00800783                pTail
 COMMON         0x00800785      0x27a wave.o
                0x00800785                fs
                0x008009b3                file
                0x008009d3                waveHeader
 COMMON         0x008009ff        0x6 c:/program files (x86)/atmel/studio/7.0/toolchain/avr8/avr8-gnu-toolchain/bin/../lib/gcc/avr/5.4.0/../../../../avr/lib/avr5\libc.a(iob.o)
                0x008009ff                __iob
                0x00800a05                PROVIDE (__bss_end, .)
                0x00004766                __data_load_start = LOADADDR (.data)
                0x000049c6                __data_load_end = (__data_load_start + SIZEOF (.data))

.noinit         0x00800a05        0x0
                [!provide]                PROVIDE (__noinit_start, .)
 *(.noinit*)
                [!provide]                PROVIDE (__noinit_end, .)
                0x00800a05                _end = .
                [!provide]                PROVIDE (__heap_start, .)

.eeprom         0x00810000        0x0
 *(.eeprom*)
                0x00810000                __eeprom_end = .

.fuse
 *(.fuse)
 *(.lfuse)
 *(.hfuse)
 *(.efuse)

.lock
 *(.lock*)

.signature
 *(.signature*)

.user_signatures
 *(.user_signatures*)

.stab
 *(.stab)

.stabstr
 *(.stabstr)

.stab.excl
 *(.stab.excl)

.stab.exclstr
 *(.stab.exclstr)

.stab.index
 *(.stab.index)

.stab.indexstr
 *(.stab.indexstr)

.comment        0x00000000       0x5c
 *(.comment)
 .comment       0x00000000       0x30 adc.o
                                 0x31 (size before relaxing)
 .comment       0x00000030       0x31 buffer.o
 .comment       0x00000030       0x31 lib/fatfs/ff.o
 .comment       0x00000030       0x31 lib/fatfs/mmc_avr.o
 .comment       0x00000030       0x31 lib/usb_serial/usb_serial.o
 .comment       0x00000030       0x31 main.o
 .comment       0x00000030       0x31 serial.o
 .comment       0x00000030       0x31 timer.o
 .comment       0x00000030       0x31 wave.o
 .comment       0x00000030       0x31 c:/program files (x86)/atmel/studio/7.0/toolchain/avr8/avr8-gnu-toolchain/bin/../lib/gcc/avr/5.4.0/../../../../avr/lib/avr5\libc.a(iob.o)
 .comment       0x00000030       0x31 c:/program files (x86)/atmel/studio/7.0/toolchain/avr8/avr8-gnu-toolchain/bin/../lib/gcc/avr/5.4.0/../../../../avr/lib/avr5\libc.a(printf.o)
 .comment       0x00000030       0x31 c:/program files (x86)/atmel/studio/7.0/toolchain/avr8/avr8-gnu-toolchain/bin/../lib/gcc/avr/5.4.0/../../../../avr/lib/avr5\libc.a(puts.o)
 .comment       0x00000030       0x2c c:/program files (x86)/atmel/studio/7.0/toolchain/avr8/avr8-gnu-toolchain/bin/../lib/gcc/avr/5.4.0/../../../../avr/lib/avr5\libc.a(vfprintf_std.o)
                                 0x2d (size before relaxing)
 .comment       0x0000005c       0x31 c:/program files (x86)/atmel/studio/7.0/toolchain/avr8/avr8-gnu-toolchain/bin/../lib/gcc/avr/5.4.0/../../../../avr/lib/avr5\libc.a(fputc.o)

.note.gnu.avr.deviceinfo
                0x00000000       0x40
 .note.gnu.avr.deviceinfo
                0x00000000       0x40 C:/Program Files (x86)/Atmel/Studio/7.0/Packs/atmel/ATmega_DFP/1.0.90/gcc/dev/atmega32u4/avr5/crtatmega32u4.o

.note.gnu.build-id
 *(.note.gnu.build-id)

.debug
 *(.debug)

.line
 *(.line)

.debug_srcinfo
 *(.debug_srcinfo)

.debug_sfnames
 *(.debug_sfnames)

.debug_aranges  0x00000000      0x3c8
 *(.debug_aranges)
 .debug_aranges
                0x00000000       0x38 adc.o
 .debug_aranges
                0x00000038       0x48 buffer.o
 .debug_aranges
                0x00000080       0xe0 lib/fatfs/ff.o
 .debug_aranges
                0x00000160       0x80 lib/fatfs/mmc_avr.o
 .debug_aranges
                0x000001e0       0xa0 lib/usb_serial/usb_serial.o
 .debug_aranges
                0x00000280       0x70 main.o
 .debug_aranges
                0x000002f0       0x40 serial.o
 .debug_aranges
                0x00000330       0x28 timer.o
 .debug_aranges
                0x00000358       0x70 wave.o

.debug_pubnames
 *(.debug_pubnames)

.debug_info     0x00000000     0x5244
 *(.debug_info .gnu.linkonce.wi.*)
 .debug_info    0x00000000       0xec adc.o
 .debug_info    0x000000ec      0x233 buffer.o
 .debug_info    0x0000031f     0x22fb lib/fatfs/ff.o
 .debug_info    0x0000261a      0xd66 lib/fatfs/mmc_avr.o
 .debug_info    0x00003380      0x94c lib/usb_serial/usb_serial.o
 .debug_info    0x00003ccc      0x5ac main.o
 .debug_info    0x00004278      0x2ae serial.o
 .debug_info    0x00004526      0x15f timer.o
 .debug_info    0x00004685      0xbbf wave.o

.debug_abbrev   0x00000000      0xf78
 *(.debug_abbrev)
 .debug_abbrev  0x00000000       0x95 adc.o
 .debug_abbrev  0x00000095      0x11e buffer.o
 .debug_abbrev  0x000001b3      0x2d1 lib/fatfs/ff.o
 .debug_abbrev  0x00000484      0x28d lib/fatfs/mmc_avr.o
 .debug_abbrev  0x00000711      0x1f8 lib/usb_serial/usb_serial.o
 .debug_abbrev  0x00000909      0x19e main.o
 .debug_abbrev  0x00000aa7      0x18e serial.o
 .debug_abbrev  0x00000c35       0xbc timer.o
 .debug_abbrev  0x00000cf1      0x287 wave.o

.debug_line     0x00000000     0x3aa4
 *(.debug_line .debug_line.* .debug_line_end)
 .debug_line    0x00000000      0x100 adc.o
 .debug_line    0x00000100      0x1ac buffer.o
 .debug_line    0x000002ac     0x1925 lib/fatfs/ff.o
 .debug_line    0x00001bd1      0x794 lib/fatfs/mmc_avr.o
 .debug_line    0x00002365      0xc37 lib/usb_serial/usb_serial.o
 .debug_line    0x00002f9c      0x485 main.o
 .debug_line    0x00003421      0x15a serial.o
 .debug_line    0x0000357b      0x13a timer.o
 .debug_line    0x000036b5      0x3ef wave.o

.debug_frame    0x00000000      0xef4
 *(.debug_frame)
 .debug_frame   0x00000000       0x9c adc.o
 .debug_frame   0x0000009c       0x7c buffer.o
 .debug_frame   0x00000118      0x684 lib/fatfs/ff.o
 .debug_frame   0x0000079c      0x1bc lib/fatfs/mmc_avr.o
 .debug_frame   0x00000958      0x1f8 lib/usb_serial/usb_serial.o
 .debug_frame   0x00000b50      0x120 main.o
 .debug_frame   0x00000c70       0x64 serial.o
 .debug_frame   0x00000cd4       0x7c timer.o
 .debug_frame   0x00000d50      0x1a4 wave.o

.debug_str      0x00000000      0xe6a
 *(.debug_str)
 .debug_str     0x00000000      0x15f adc.o
                                0x19a (size before relaxing)
 .debug_str     0x0000015f       0xcc buffer.o
                                0x231 (size before relaxing)
 .debug_str     0x0000022b      0x486 lib/fatfs/ff.o
                                0x5f3 (size before relaxing)
 .debug_str     0x000006b1       0xde lib/fatfs/mmc_avr.o
                                0x2ff (size before relaxing)
 .debug_str     0x0000078f      0x368 lib/usb_serial/usb_serial.o
                                0x4fa (size before relaxing)
 .debug_str     0x00000af7      0x181 main.o
                                0x35c (size before relaxing)
 .debug_str     0x00000c78       0x4a serial.o
                                0x23a (size before relaxing)
 .debug_str     0x00000cc2       0x4e timer.o
                                0x1ec (size before relaxing)
 .debug_str     0x00000d10      0x15a wave.o
                                0x563 (size before relaxing)

.debug_loc      0x00000000     0x7a8c
 *(.debug_loc)
 .debug_loc     0x00000000       0xde adc.o
 .debug_loc     0x000000de       0xd7 buffer.o
 .debug_loc     0x000001b5     0x4a6a lib/fatfs/ff.o
 .debug_loc     0x00004c1f      0xe12 lib/fatfs/mmc_avr.o
 .debug_loc     0x00005a31     0x147d lib/usb_serial/usb_serial.o
 .debug_loc     0x00006eae      0x2f0 main.o
 .debug_loc     0x0000719e       0x47 serial.o
 .debug_loc     0x000071e5       0xff timer.o
 .debug_loc     0x000072e4      0x7a8 wave.o

.debug_macinfo
 *(.debug_macinfo)

.debug_weaknames
 *(.debug_weaknames)

.debug_funcnames
 *(.debug_funcnames)

.debug_typenames
 *(.debug_typenames)

.debug_varnames
 *(.debug_varnames)

.debug_pubtypes
 *(.debug_pubtypes)

.debug_ranges   0x00000000      0x420
 *(.debug_ranges)
 .debug_ranges  0x00000000       0x28 adc.o
 .debug_ranges  0x00000028       0x38 buffer.o
 .debug_ranges  0x00000060      0x180 lib/fatfs/ff.o
 .debug_ranges  0x000001e0       0x70 lib/fatfs/mmc_avr.o
 .debug_ranges  0x00000250       0xc8 lib/usb_serial/usb_serial.o
 .debug_ranges  0x00000318       0x60 main.o
 .debug_ranges  0x00000378       0x30 serial.o
 .debug_ranges  0x000003a8       0x18 timer.o
 .debug_ranges  0x000003c0       0x60 wave.o

.debug_macro
 *(.debug_macro)
OUTPUT(EGB240DVR_Skeleton.elf elf32-avr)
LOAD linker stubs
